Starting a Gradle Daemon, 1 busy and 2 incompatible and 1 stopped Daemons could not be reused, use --status for details
> Task :app:checkKotlinGradlePluginConfigurationErrors SKIPPED
> Task :app:preBuild UP-TO-DATE
> Task :app:preDebugBuild UP-TO-DATE
> Task :securekit-biometric:preBuild UP-TO-DATE
> Task :securekit-biometric:preDebugBuild UP-TO-DATE
> Task :securekit-biometric:writeDebugAarMetadata UP-TO-DATE
> Task :securekit-core:preBuild UP-TO-DATE
> Task :securekit-core:preDebugBuild UP-TO-DATE
> Task :securekit-core:writeDebugAarMetadata UP-TO-DATE
> Task :securekit-crypto:preBuild UP-TO-DATE
> Task :securekit-crypto:preDebugBuild UP-TO-DATE
> Task :securekit-crypto:writeDebugAarMetadata UP-TO-DATE
> Task :securekit-database:preBuild UP-TO-DATE
> Task :securekit-database:preDebugBuild UP-TO-DATE
> Task :securekit-database:writeDebugAarMetadata UP-TO-DATE
> Task :securekit-integrity:preBuild UP-TO-DATE
> Task :securekit-integrity:preDebugBuild UP-TO-DATE
> Task :securekit-integrity:writeDebugAarMetadata UP-TO-DATE
> Task :securekit-network:preBuild UP-TO-DATE
> Task :securekit-network:preDebugBuild UP-TO-DATE
> Task :securekit-network:writeDebugAarMetadata UP-TO-DATE
> Task :app:checkDebugAarMetadata UP-TO-DATE
> Task :app:generateDebugResValues UP-TO-DATE
> Task :securekit-biometric:generateDebugResValues UP-TO-DATE
> Task :securekit-biometric:generateDebugResources UP-TO-DATE
> Task :securekit-biometric:packageDebugResources UP-TO-DATE
> Task :securekit-core:generateDebugResValues UP-TO-DATE
> Task :securekit-core:generateDebugResources UP-TO-DATE
> Task :securekit-core:packageDebugResources UP-TO-DATE
> Task :securekit-crypto:generateDebugResValues UP-TO-DATE
> Task :securekit-crypto:generateDebugResources UP-TO-DATE
> Task :securekit-crypto:packageDebugResources UP-TO-DATE
> Task :securekit-database:generateDebugResValues UP-TO-DATE
> Task :securekit-database:generateDebugResources UP-TO-DATE
> Task :securekit-database:packageDebugResources UP-TO-DATE
> Task :securekit-integrity:generateDebugResValues UP-TO-DATE
> Task :securekit-integrity:generateDebugResources UP-TO-DATE
> Task :securekit-integrity:packageDebugResources UP-TO-DATE
> Task :securekit-network:generateDebugResValues UP-TO-DATE
> Task :securekit-network:generateDebugResources UP-TO-DATE
> Task :securekit-network:packageDebugResources UP-TO-DATE
> Task :app:mapDebugSourceSetPaths UP-TO-DATE
> Task :app:generateDebugResources UP-TO-DATE
> Task :app:mergeDebugResources UP-TO-DATE
> Task :app:packageDebugResources UP-TO-DATE
> Task :app:parseDebugLocalResources UP-TO-DATE
> Task :app:createDebugCompatibleScreenManifests UP-TO-DATE
> Task :app:extractDeepLinksDebug UP-TO-DATE
> Task :securekit-biometric:extractDeepLinksDebug UP-TO-DATE
> Task :securekit-biometric:processDebugManifest UP-TO-DATE
> Task :securekit-core:extractDeepLinksDebug UP-TO-DATE
> Task :securekit-core:processDebugManifest UP-TO-DATE
> Task :securekit-crypto:extractDeepLinksDebug UP-TO-DATE
> Task :securekit-crypto:processDebugManifest UP-TO-DATE
> Task :securekit-database:extractDeepLinksDebug UP-TO-DATE
> Task :securekit-database:processDebugManifest UP-TO-DATE
> Task :securekit-integrity:extractDeepLinksDebug UP-TO-DATE
> Task :securekit-integrity:processDebugManifest UP-TO-DATE
> Task :securekit-network:extractDeepLinksDebug UP-TO-DATE
> Task :securekit-network:processDebugManifest UP-TO-DATE
> Task :app:processDebugMainManifest UP-TO-DATE
> Task :app:processDebugManifest UP-TO-DATE
> Task :app:processDebugManifestForPackage UP-TO-DATE
> Task :securekit-biometric:compileDebugLibraryResources UP-TO-DATE
> Task :securekit-biometric:parseDebugLocalResources UP-TO-DATE
> Task :securekit-biometric:generateDebugRFile UP-TO-DATE
> Task :securekit-core:compileDebugLibraryResources UP-TO-DATE
> Task :securekit-core:parseDebugLocalResources UP-TO-DATE
> Task :securekit-core:generateDebugRFile UP-TO-DATE
> Task :securekit-crypto:compileDebugLibraryResources UP-TO-DATE
> Task :securekit-crypto:parseDebugLocalResources UP-TO-DATE
> Task :securekit-crypto:generateDebugRFile UP-TO-DATE
> Task :securekit-database:compileDebugLibraryResources UP-TO-DATE
> Task :securekit-database:parseDebugLocalResources UP-TO-DATE
> Task :securekit-database:generateDebugRFile UP-TO-DATE
> Task :securekit-integrity:compileDebugLibraryResources UP-TO-DATE
> Task :securekit-integrity:parseDebugLocalResources UP-TO-DATE
> Task :securekit-integrity:generateDebugRFile UP-TO-DATE
> Task :securekit-network:compileDebugLibraryResources UP-TO-DATE
> Task :securekit-network:parseDebugLocalResources UP-TO-DATE
> Task :securekit-network:generateDebugRFile UP-TO-DATE
> Task :app:processDebugResources UP-TO-DATE
> Task :securekit-biometric:checkKotlinGradlePluginConfigurationErrors SKIPPED
> Task :securekit-core:checkKotlinGradlePluginConfigurationErrors SKIPPED
> Task :securekit-core:compileDebugKotlin UP-TO-DATE
> Task :securekit-core:javaPreCompileDebug UP-TO-DATE
> Task :securekit-core:compileDebugJavaWithJavac NO-SOURCE
> Task :securekit-core:bundleLibCompileToJarDebug UP-TO-DATE
> Task :securekit-biometric:compileDebugKotlin UP-TO-DATE
> Task :securekit-biometric:javaPreCompileDebug UP-TO-DATE
> Task :securekit-biometric:compileDebugJavaWithJavac NO-SOURCE
> Task :securekit-biometric:bundleLibCompileToJarDebug UP-TO-DATE
> Task :securekit-crypto:checkKotlinGradlePluginConfigurationErrors SKIPPED
> Task :securekit-crypto:compileDebugKotlin UP-TO-DATE
> Task :securekit-crypto:javaPreCompileDebug UP-TO-DATE
> Task :securekit-crypto:compileDebugJavaWithJavac NO-SOURCE
> Task :securekit-crypto:bundleLibCompileToJarDebug UP-TO-DATE
> Task :securekit-database:checkKotlinGradlePluginConfigurationErrors SKIPPED
> Task :securekit-database:compileDebugKotlin UP-TO-DATE
> Task :securekit-database:javaPreCompileDebug UP-TO-DATE
> Task :securekit-database:compileDebugJavaWithJavac NO-SOURCE
> Task :securekit-database:bundleLibCompileToJarDebug UP-TO-DATE
> Task :securekit-integrity:checkKotlinGradlePluginConfigurationErrors SKIPPED
